90. Printing statistics.

=== and_cell ===

   Number of wires:                  3
   Number of wire bits:              3
   Number of public wires:           3
   Number of public wire bits:       3
   Number of ports:                  3
   Number of port bits:              3
   Number of memories:               0
   Number of memory bits:            0
   Number of processes:              0
   Number of cells:                  1
     $_AND_                          1

   Area for cell type $_AND_ is unknown!

=== dff_cell ===

   Number of wires:                  4
   Number of wire bits:              4
   Number of public wires:           4
   Number of public wire bits:       4
   Number of ports:                  4
   Number of port bits:              4
   Number of memories:               0
   Number of memory bits:            0
   Number of processes:              0
   Number of cells:                  2
     $_NOT_                          1
     gf180mcu_fd_sc_mcu7t5v0__dffq_1      1

   Area for cell type $_NOT_ is unknown!

   Chip area for module '\dff_cell': 63.660800
     of which used for sequential elements: 63.660800 (100.00%)

=== dffr_cell ===

   Number of wires:                  6
   Number of wire bits:              6
   Number of public wires:           5
   Number of public wire bits:       5
   Number of ports:                  5
   Number of port bits:              5
   Number of memories:               0
   Number of memory bits:            0
   Number of processes:              0
   Number of cells:                  3
     $_NOT_                          2
     gf180mcu_fd_sc_mcu7t5v0__dffrnq_1      1

   Area for cell type $_NOT_ is unknown!

   Chip area for module '\dffr_cell': 74.636800
     of which used for sequential elements: 74.636800 (100.00%)

=== dffsr_cell ===

   Number of wires:                  9
   Number of wire bits:              9
   Number of public wires:           6
   Number of public wire bits:       6
   Number of ports:                  6
   Number of port bits:              6
   Number of memories:               0
   Number of memory bits:            0
   Number of processes:              0
   Number of cells:                  5
     $_ANDNOT_                       1
     $_NOT_                          3
     gf180mcu_fd_sc_mcu7t5v0__dffrsnq_1      1

   Area for cell type $_NOT_ is unknown!
   Area for cell type $_ANDNOT_ is unknown!

   Chip area for module '\dffsr_cell': 85.612800
     of which used for sequential elements: 85.612800 (100.00%)

=== not_cell ===

   Number of wires:                  2
   Number of wire bits:              2
   Number of public wires:           2
   Number of public wire bits:       2
   Number of ports:                  2
   Number of port bits:              2
   Number of memories:               0
   Number of memory bits:            0
   Number of processes:              0
   Number of cells:                  1
     $_NOT_                          1

   Area for cell type $_NOT_ is unknown!

=== or_cell ===

   Number of wires:                  3
   Number of wire bits:              3
   Number of public wires:           3
   Number of public wire bits:       3
   Number of ports:                  3
   Number of port bits:              3
   Number of memories:               0
   Number of memory bits:            0
   Number of processes:              0
   Number of cells:                  1
     $_OR_                           1

   Area for cell type $_OR_ is unknown!

=== tiny_stack ===

   Number of wires:                157
   Number of wire bits:            168
   Number of public wires:         157
   Number of public wire bits:     168
   Number of ports:                  4
   Number of port bits:             15
   Number of memories:               0
   Number of memory bits:            0
   Number of processes:              0
   Number of cells:                130
     and_cell                       49
     dff_cell                        1
     dffr_cell                      22
     dffsr_cell                      8
     not_cell                       23
     or_cell                        27

   Area for cell type \and_cell is unknown!
   Area for cell type \not_cell is unknown!
   Area for cell type \dffr_cell is unknown!
   Area for cell type \or_cell is unknown!
   Area for cell type \dffsr_cell is unknown!
   Area for cell type \dff_cell is unknown!

=== design hierarchy ===

   tiny_stack                        1
     and_cell                       49
     dff_cell                        1
     dffr_cell                      22
     dffsr_cell                      8
     not_cell                       23
     or_cell                        27

   Number of wires:                639
   Number of wire bits:            650
   Number of public wires:         593
   Number of public wire bits:     604
   Number of ports:                440
   Number of port bits:            451
   Number of memories:               0
   Number of memory bits:            0
   Number of processes:              0
   Number of cells:                207
     $_ANDNOT_                       8
     $_AND_                         49
     $_NOT_                         92
     $_OR_                          27
     gf180mcu_fd_sc_mcu7t5v0__dffq_1      1
     gf180mcu_fd_sc_mcu7t5v0__dffrnq_1     22
     gf180mcu_fd_sc_mcu7t5v0__dffrsnq_1      8

   Area for cell type $_OR_ is unknown!

   Chip area for top module '\tiny_stack': 2390.572800
     of which used for sequential elements: 2390.572800 (100.00%)

