┏━━━━━━━━━━━━━━━━━━━━━━┳━━━━━━━━━━┳━━━━━━━━━━┳━━━━━━━━━━┳━━━━━━━━━━┳━━━━━━━━━━━┳━━━━━━━━━━┳━━━━━━━━━━━┳━━━━━━━━━━┳━━━━━━━━━━━┳━━━━━━━━━━┳━━━━━━━━━━━┳━━━━━━━━━━┓
┃                      ┃ Hold     ┃ Reg to   ┃          ┃          ┃ of which  ┃ Setup    ┃           ┃          ┃           ┃ of which ┃           ┃          ┃
┃                      ┃ Worst    ┃ Reg      ┃          ┃ Hold Vio ┃ reg to    ┃ Worst    ┃ Reg to    ┃ Setup    ┃ Setup Vio ┃ reg to   ┃ Max Cap   ┃ Max Slew ┃
┃ Corner/Group         ┃ Slack    ┃ Paths    ┃ Hold TNS ┃ Count    ┃ reg       ┃ Slack    ┃ Reg Paths ┃ TNS      ┃ Count     ┃ reg      ┃ Violatio… ┃ Violati… ┃
┡━━━━━━━━━━━━━━━━━━━━━━╇━━━━━━━━━━╇━━━━━━━━━━╇━━━━━━━━━━╇━━━━━━━━━━╇━━━━━━━━━━━╇━━━━━━━━━━╇━━━━━━━━━━━╇━━━━━━━━━━╇━━━━━━━━━━━╇━━━━━━━━━━╇━━━━━━━━━━━╇━━━━━━━━━━┩
│ Overall              │ 0.5363   │ 0.5363   │ 0.0000   │ 0        │ 0         │ 15.3340  │ N/A       │ 0.0000   │ 0         │ 0        │ 0         │ 0        │
│ nom_tt_025C_5v00     │ 0.9243   │ 0.9243   │ 0.0000   │ 0        │ 0         │ 19.7856  │ N/A       │ 0.0000   │ 0         │ 0        │ 0         │ 0        │
│ nom_ss_125C_4v50     │ 1.7791   │ 1.7791   │ 0.0000   │ 0        │ 0         │ 15.5802  │ N/A       │ 0.0000   │ 0         │ 0        │ 0         │ 0        │
│ nom_ff_n40C_5v50     │ 0.5394   │ 0.5394   │ 0.0000   │ 0        │ 0         │ 21.3940  │ N/A       │ 0.0000   │ 0         │ 0        │ 0         │ 0        │
│ min_tt_025C_5v00     │ 0.9199   │ 0.9199   │ 0.0000   │ 0        │ 0         │ 19.8294  │ N/A       │ 0.0000   │ 0         │ 0        │ 0         │ 0        │
│ min_ss_125C_4v50     │ 1.7720   │ 1.7720   │ 0.0000   │ 0        │ 0         │ 15.7893  │ N/A       │ 0.0000   │ 0         │ 0        │ 0         │ 0        │
│ min_ff_n40C_5v50     │ 0.5363   │ 0.5363   │ 0.0000   │ 0        │ 0         │ 21.4220  │ N/A       │ 0.0000   │ 0         │ 0        │ 0         │ 0        │
│ max_tt_025C_5v00     │ 0.9297   │ 0.9297   │ 0.0000   │ 0        │ 0         │ 19.7328  │ N/A       │ 0.0000   │ 0         │ 0        │ 0         │ 0        │
│ max_ss_125C_4v50     │ 1.7880   │ 1.7880   │ 0.0000   │ 0        │ 0         │ 15.3340  │ N/A       │ 0.0000   │ 0         │ 0        │ 0         │ 0        │
│ max_ff_n40C_5v50     │ 0.5432   │ 0.5432   │ 0.0000   │ 0        │ 0         │ 21.3602  │ N/A       │ 0.0000   │ 0         │ 0        │ 0         │ 0        │
└──────────────────────┴──────────┴──────────┴──────────┴──────────┴───────────┴──────────┴───────────┴──────────┴───────────┴──────────┴───────────┴──────────┘
