133. Printing statistics.

=== led_spinner ===

   Number of wires:                395
   Number of wire bits:            514
   Number of public wires:          14
   Number of public wire bits:      68
   Number of ports:                  7
   Number of port bits:             21
   Number of memories:               0
   Number of memory bits:            0
   Number of processes:              0
   Number of cells:                465
     $_ANDNOT_                      81
     $_AND_                         26
     $_MUX_                         66
     $_NAND_                        18
     $_NOR_                         17
     $_NOT_                         11
     $_ORNOT_                       20
     $_OR_                          84
     $_XNOR_                         9
     $_XOR_                         89
     gf180mcu_fd_sc_mcu7t5v0__dffq_1     44

   Area for cell type $_NOT_ is unknown!
   Area for cell type $_AND_ is unknown!
   Area for cell type $_NAND_ is unknown!
   Area for cell type $_OR_ is unknown!
   Area for cell type $_NOR_ is unknown!
   Area for cell type $_XOR_ is unknown!
   Area for cell type $_XNOR_ is unknown!
   Area for cell type $_ANDNOT_ is unknown!
   Area for cell type $_ORNOT_ is unknown!
   Area for cell type $_MUX_ is unknown!

   Chip area for module '\led_spinner': 2801.075200
     of which used for sequential elements: 2801.075200 (100.00%)

