131. Printing statistics.

=== led_spinner ===

   Number of wires:                339
   Number of wire bits:            458
   Number of public wires:          14
   Number of public wire bits:      68
   Number of ports:                  7
   Number of port bits:             21
   Number of memories:               0
   Number of memory bits:            0
   Number of processes:              0
   Number of cells:                409
     $_ANDNOT_                      81
     $_AND_                         26
     $_MUX_                         10
     $_NAND_                        18
     $_NOR_                         17
     $_NOT_                         11
     $_ORNOT_                       20
     $_OR_                          84
     $_SDFFE_PN0N_                   2
     $_SDFFE_PN0P_                   6
     $_SDFFE_PN1N_                   3
     $_SDFFE_PP1N_                   1
     $_SDFF_PP0_                    32
     $_XNOR_                         9
     $_XOR_                         89

   Area for cell type $_NOT_ is unknown!
   Area for cell type $_AND_ is unknown!
   Area for cell type $_NAND_ is unknown!
   Area for cell type $_OR_ is unknown!
   Area for cell type $_NOR_ is unknown!
   Area for cell type $_XOR_ is unknown!
   Area for cell type $_XNOR_ is unknown!
   Area for cell type $_ANDNOT_ is unknown!
   Area for cell type $_ORNOT_ is unknown!
   Area for cell type $_MUX_ is unknown!
   Area for cell type $_SDFF_PP0_ is unknown!
   Area for cell type $_SDFFE_PN0N_ is unknown!
   Area for cell type $_SDFFE_PN0P_ is unknown!
   Area for cell type $_SDFFE_PN1N_ is unknown!
   Area for cell type $_SDFFE_PP1N_ is unknown!

