┏━━━━━━━━━━━━━━━━━━━━━━┳━━━━━━━━━━┳━━━━━━━━━━┳━━━━━━━━━━┳━━━━━━━━━━┳━━━━━━━━━━━┳━━━━━━━━━━┳━━━━━━━━━━━┳━━━━━━━━━━┳━━━━━━━━━━━┳━━━━━━━━━━┳━━━━━━━━━━━┳━━━━━━━━━━┓
┃                      ┃ Hold     ┃ Reg to   ┃          ┃          ┃ of which  ┃ Setup    ┃           ┃          ┃           ┃ of which ┃           ┃          ┃
┃                      ┃ Worst    ┃ Reg      ┃          ┃ Hold Vio ┃ reg to    ┃ Worst    ┃ Reg to    ┃ Setup    ┃ Setup Vio ┃ reg to   ┃ Max Cap   ┃ Max Slew ┃
┃ Corner/Group         ┃ Slack    ┃ Paths    ┃ Hold TNS ┃ Count    ┃ reg       ┃ Slack    ┃ Reg Paths ┃ TNS      ┃ Count     ┃ reg      ┃ Violatio… ┃ Violati… ┃
┡━━━━━━━━━━━━━━━━━━━━━━╇━━━━━━━━━━╇━━━━━━━━━━╇━━━━━━━━━━╇━━━━━━━━━━╇━━━━━━━━━━━╇━━━━━━━━━━╇━━━━━━━━━━━╇━━━━━━━━━━╇━━━━━━━━━━━╇━━━━━━━━━━╇━━━━━━━━━━━╇━━━━━━━━━━┩
│ Overall              │ 0.3357   │ 0.3357   │ 0.0000   │ 0        │ 0         │ 24.1137  │ 24.1137   │ 0.0000   │ 0         │ 0        │ 0         │ 0        │
│ nom_tt_025C_5v00     │ 0.6088   │ 0.6088   │ 0.0000   │ 0        │ 0         │ 27.7212  │ 31.5903   │ 0.0000   │ 0         │ 0        │ 0         │ 0        │
│ nom_ss_125C_4v50     │ 1.2388   │ 1.2388   │ 0.0000   │ 0        │ 0         │ 24.3808  │ 24.6015   │ 0.0000   │ 0         │ 0        │ 0         │ 0        │
│ nom_ff_n40C_5v50     │ 0.3383   │ 0.3383   │ 0.0000   │ 0        │ 0         │ 29.2092  │ 34.6764   │ 0.0000   │ 0         │ 0        │ 0         │ 0        │
│ min_tt_025C_5v00     │ 0.6052   │ 0.6052   │ 0.0000   │ 0        │ 0         │ 27.8208  │ 31.8236   │ 0.0000   │ 0         │ 0        │ 0         │ 0        │
│ min_ss_125C_4v50     │ 1.2326   │ 1.2326   │ 0.0000   │ 0        │ 0         │ 24.5529  │ 25.0111   │ 0.0000   │ 0         │ 0        │ 0         │ 0        │
│ min_ff_n40C_5v50     │ 0.3357   │ 0.3357   │ 0.0000   │ 0        │ 0         │ 29.2761  │ 34.8277   │ 0.0000   │ 0         │ 0        │ 0         │ 0        │
│ max_tt_025C_5v00     │ 0.6130   │ 0.6130   │ 0.0000   │ 0        │ 0         │ 27.6007  │ 31.3104   │ 0.0000   │ 0         │ 0        │ 0         │ 0        │
│ max_ss_125C_4v50     │ 1.2459   │ 1.2459   │ 0.0000   │ 0        │ 0         │ 24.1137  │ 24.1137   │ 0.0000   │ 0         │ 0        │ 0         │ 0        │
│ max_ff_n40C_5v50     │ 0.3412   │ 0.3412   │ 0.0000   │ 0        │ 0         │ 29.1287  │ 34.4802   │ 0.0000   │ 0         │ 0        │ 0         │ 0        │
└──────────────────────┴──────────┴──────────┴──────────┴──────────┴───────────┴──────────┴───────────┴──────────┴───────────┴──────────┴───────────┴──────────┘
