101. Printing statistics.

=== df_digital_filter ===

   Number of wires:                716
   Number of wire bits:            772
   Number of public wires:          40
   Number of public wire bits:      96
   Number of ports:                  6
   Number of port bits:             22
   Number of memories:               0
   Number of memory bits:            0
   Number of processes:              0
   Number of cells:                751
     $_ANDNOT_                     274
     $_AND_                          9
     $_DFFE_PN0P_                    3
     $_DFF_PN0_                     64
     $_MUX_                         10
     $_NAND_                        27
     $_NOR_                          7
     $_NOT_                         37
     $_ORNOT_                       16
     $_OR_                          73
     $_XNOR_                        36
     $_XOR_                        195

   Area for cell type $_NOT_ is unknown!
   Area for cell type $_AND_ is unknown!
   Area for cell type $_NAND_ is unknown!
   Area for cell type $_OR_ is unknown!
   Area for cell type $_NOR_ is unknown!
   Area for cell type $_XOR_ is unknown!
   Area for cell type $_XNOR_ is unknown!
   Area for cell type $_ANDNOT_ is unknown!
   Area for cell type $_ORNOT_ is unknown!
   Area for cell type $_MUX_ is unknown!
   Area for cell type $_DFF_PN0_ is unknown!
   Area for cell type $_DFFE_PN0P_ is unknown!

