┏━━━━━━━━━━━━━━━━━━━━━━┳━━━━━━━━━━┳━━━━━━━━━━┳━━━━━━━━━━┳━━━━━━━━━━┳━━━━━━━━━━┳━━━━━━━━━━━┳━━━━━━━━━━┳━━━━━━━━━━━┳━━━━━━━━━━┳━━━━━━━━━━━┳━━━━━━━━━━┳━━━━━━━━━━━┓
┃                      ┃ Hold     ┃ Reg to   ┃          ┃          ┃ of which ┃ Setup     ┃ Reg to   ┃           ┃ Setup    ┃ of which  ┃          ┃           ┃
┃                      ┃ Worst    ┃ Reg      ┃          ┃ Hold Vio ┃ reg to   ┃ Worst     ┃ Reg      ┃           ┃ Vio      ┃ reg to    ┃ Max Cap  ┃ Max Slew  ┃
┃ Corner/Group         ┃ Slack    ┃ Paths    ┃ Hold TNS ┃ Count    ┃ reg      ┃ Slack     ┃ Paths    ┃ Setup TNS ┃ Count    ┃ reg       ┃ Violati… ┃ Violatio… ┃
┡━━━━━━━━━━━━━━━━━━━━━━╇━━━━━━━━━━╇━━━━━━━━━━╇━━━━━━━━━━╇━━━━━━━━━━╇━━━━━━━━━━╇━━━━━━━━━━━╇━━━━━━━━━━╇━━━━━━━━━━━╇━━━━━━━━━━╇━━━━━━━━━━━╇━━━━━━━━━━╇━━━━━━━━━━━┩
│ Overall              │ 0.0157   │ 0.0902   │ 0.0000   │ 0        │ 0        │ -86.0545  │ -86.0545 │ -197704.… │ 40064    │ 33649     │ 385      │ 5765      │
│ nom_tt_025C_5v00     │ 0.3133   │ 0.3133   │ 0.0000   │ 0        │ 0        │ -33.5678  │ -33.5678 │ -40725.5… │ 2614     │ 2596      │ 271      │ 71        │
│ nom_ss_125C_4v50     │ 0.8336   │ 0.8336   │ 0.0000   │ 0        │ 0        │ -82.1535  │ -82.1535 │ -184427.… │ 9297     │ 7157      │ 273      │ 3847      │
│ nom_ff_n40C_5v50     │ 0.0919   │ 0.0919   │ 0.0000   │ 0        │ 0        │ -12.1171  │ -12.1171 │ -7438.50… │ 1436     │ 1435      │ 270      │ 1         │
│ min_tt_025C_5v00     │ 0.3106   │ 0.3106   │ 0.0000   │ 0        │ 0        │ -31.7330  │ -31.7330 │ -38187.1… │ 2574     │ 2556      │ 226      │ 23        │
│ min_ss_125C_4v50     │ 0.8290   │ 0.8290   │ 0.0000   │ 0        │ 0        │ -78.9427  │ -78.9427 │ -173679.… │ 9139     │ 7042      │ 227      │ 2596      │
│ min_ff_n40C_5v50     │ 0.0902   │ 0.0902   │ 0.0000   │ 0        │ 0        │ -10.9490  │ -10.9490 │ -6354.87… │ 1360     │ 1359      │ 226      │ 1         │
│ max_tt_025C_5v00     │ 0.3165   │ 0.3165   │ 0.0000   │ 0        │ 0        │ -35.7684  │ -35.7684 │ -43836.9… │ 2649     │ 2628      │ 384      │ 220       │
│ max_ss_125C_4v50     │ 0.8393   │ 0.8393   │ 0.0000   │ 0        │ 0        │ -86.0545  │ -86.0545 │ -197704.… │ 9464     │ 7346      │ 385      │ 5765      │
│ max_ff_n40C_5v50     │ 0.0157   │ 0.0938   │ 0.0000   │ 0        │ 0        │ -13.5300  │ -13.5300 │ -8826.97… │ 1531     │ 1530      │ 382      │ 11        │
└──────────────────────┴──────────┴──────────┴──────────┴──────────┴──────────┴───────────┴──────────┴───────────┴──────────┴───────────┴──────────┴───────────┘
