┏━━━━━━━━━━━━━━━━━━━━━━┳━━━━━━━━━━┳━━━━━━━━━━┳━━━━━━━━━━┳━━━━━━━━━━┳━━━━━━━━━━━┳━━━━━━━━━━┳━━━━━━━━━━━┳━━━━━━━━━━┳━━━━━━━━━━━┳━━━━━━━━━━┳━━━━━━━━━━━┳━━━━━━━━━━┓
┃                      ┃ Hold     ┃ Reg to   ┃          ┃          ┃ of which  ┃ Setup    ┃           ┃          ┃           ┃ of which ┃           ┃          ┃
┃                      ┃ Worst    ┃ Reg      ┃          ┃ Hold Vio ┃ reg to    ┃ Worst    ┃ Reg to    ┃ Setup    ┃ Setup Vio ┃ reg to   ┃ Max Cap   ┃ Max Slew ┃
┃ Corner/Group         ┃ Slack    ┃ Paths    ┃ Hold TNS ┃ Count    ┃ reg       ┃ Slack    ┃ Reg Paths ┃ TNS      ┃ Count     ┃ reg      ┃ Violatio… ┃ Violati… ┃
┡━━━━━━━━━━━━━━━━━━━━━━╇━━━━━━━━━━╇━━━━━━━━━━╇━━━━━━━━━━╇━━━━━━━━━━╇━━━━━━━━━━━╇━━━━━━━━━━╇━━━━━━━━━━━╇━━━━━━━━━━╇━━━━━━━━━━━╇━━━━━━━━━━╇━━━━━━━━━━━╇━━━━━━━━━━┩
│ Overall              │ 0.4599   │ 0.4599   │ 0.0000   │ 0        │ 0         │ -3.5579  │ -3.5579   │ -95.1076 │ 110       │ 110      │ 0         │ 0        │
│ nom_tt_025C_5v00     │ 0.8093   │ 0.8093   │ 0.0000   │ 0        │ 0         │ 5.3598   │ 10.3161   │ 0.0000   │ 0         │ 0        │ 0         │ 0        │
│ nom_ss_125C_4v50     │ 1.5880   │ 1.5880   │ 0.0000   │ 0        │ 0         │ -2.1879  │ -2.1879   │ -34.2334 │ 30        │ 30       │ 0         │ 0        │
│ nom_ff_n40C_5v50     │ 0.4634   │ 0.4634   │ 0.0000   │ 0        │ 0         │ 7.1732   │ 12.7966   │ 0.0000   │ 0         │ 0        │ 0         │ 0        │
│ min_tt_025C_5v00     │ 0.8037   │ 0.8037   │ 0.0000   │ 0        │ 0         │ 5.4583   │ 10.5968   │ 0.0000   │ 0         │ 0        │ 0         │ 0        │
│ min_ss_125C_4v50     │ 1.5783   │ 1.5783   │ 0.0000   │ 0        │ 0         │ -1.0444  │ -1.0444   │ -7.6805  │ 20        │ 20       │ 0         │ 0        │
│ min_ff_n40C_5v50     │ 0.4599   │ 0.4599   │ 0.0000   │ 0        │ 0         │ 7.2398   │ 12.9844   │ 0.0000   │ 0         │ 0        │ 0         │ 0        │
│ max_tt_025C_5v00     │ 0.8149   │ 0.8149   │ 0.0000   │ 0        │ 0         │ 5.2409   │ 9.9793    │ 0.0000   │ 0         │ 0        │ 0         │ 0        │
│ max_ss_125C_4v50     │ 1.5986   │ 1.5986   │ 0.0000   │ 0        │ 0         │ -3.5579  │ -3.5579   │ -95.1076 │ 60        │ 60       │ 0         │ 0        │
│ max_ff_n40C_5v50     │ 0.4670   │ 0.4670   │ 0.0000   │ 0        │ 0         │ 7.0926   │ 12.5717   │ 0.0000   │ 0         │ 0        │ 0         │ 0        │
└──────────────────────┴──────────┴──────────┴──────────┴──────────┴───────────┴──────────┴───────────┴──────────┴───────────┴──────────┴───────────┴──────────┘
