125. Printing statistics.

=== decimator_ser_top ===

   Number of wires:              63788
   Number of wire bits:          74451
   Number of public wires:         280
   Number of public wire bits:    7109
   Number of ports:                  5
   Number of port bits:              5
   Number of memories:               0
   Number of memory bits:            0
   Number of processes:              0
   Number of cells:              71851
     $_ANDNOT_                   18741
     $_AND_                        495
     $_MUX_                         23
     $_NAND_                      1323
     $_NOR_                      10241
     $_NOT_                       4362
     $_ORNOT_                     3928
     $_OR_                        8691
     $_SDFFE_PN0N_                   2
     $_SDFFE_PN0P_                4732
     $_SDFFE_PP0P_                   2
     $_SDFF_PN0_                    14
     $_XNOR_                      4432
     $_XOR_                      14865

   Area for cell type $_NOT_ is unknown!
   Area for cell type $_AND_ is unknown!
   Area for cell type $_NAND_ is unknown!
   Area for cell type $_OR_ is unknown!
   Area for cell type $_NOR_ is unknown!
   Area for cell type $_XOR_ is unknown!
   Area for cell type $_XNOR_ is unknown!
   Area for cell type $_ANDNOT_ is unknown!
   Area for cell type $_ORNOT_ is unknown!
   Area for cell type $_MUX_ is unknown!
   Area for cell type $_SDFF_PN0_ is unknown!
   Area for cell type $_SDFFE_PN0N_ is unknown!
   Area for cell type $_SDFFE_PN0P_ is unknown!
   Area for cell type $_SDFFE_PP0P_ is unknown!

