161. Printing statistics.

=== tetris ===

   Number of wires:              11056
   Number of wire bits:          14084
   Number of public wires:         528
   Number of public wire bits:    3542
   Number of ports:                 12
   Number of port bits:             17
   Number of memories:               0
   Number of memory bits:            0
   Number of processes:              0
   Number of cells:              13404
     $_ANDNOT_                    2417
     $_AND_                        282
     $_DFFE_PN_                     15
     $_DFFE_PP0P_                  210
     $_DFFE_PP_                     36
     $_DFF_PN0_                      2
     $_DFF_PP0_                    177
     $_DFF_P_                       22
     $_MUX_                       3628
     $_NAND_                       336
     $_NOR_                        486
     $_NOT_                        346
     $_ORNOT_                      476
     $_OR_                        2279
     $_SDFFCE_PN0P_                  3
     $_SDFFCE_PP0N_                 14
     $_SDFFE_PN0N_                  66
     $_SDFFE_PP0P_                1024
     $_SDFFE_PP1N_                   1
     $_SDFFE_PP1P_                 512
     $_SDFF_PN0_                    66
     $_SDFF_PP0_                   126
     $_XNOR_                       147
     $_XOR_                        733

   Area for cell type $_NOT_ is unknown!
   Area for cell type $_AND_ is unknown!
   Area for cell type $_NAND_ is unknown!
   Area for cell type $_OR_ is unknown!
   Area for cell type $_NOR_ is unknown!
   Area for cell type $_XOR_ is unknown!
   Area for cell type $_XNOR_ is unknown!
   Area for cell type $_ANDNOT_ is unknown!
   Area for cell type $_ORNOT_ is unknown!
   Area for cell type $_MUX_ is unknown!
   Area for cell type $_DFF_P_ is unknown!
   Area for cell type $_DFFE_PN_ is unknown!
   Area for cell type $_DFFE_PP_ is unknown!
   Area for cell type $_DFF_PN0_ is unknown!
   Area for cell type $_DFF_PP0_ is unknown!
   Area for cell type $_DFFE_PP0P_ is unknown!
   Area for cell type $_SDFF_PN0_ is unknown!
   Area for cell type $_SDFF_PP0_ is unknown!
   Area for cell type $_SDFFE_PN0N_ is unknown!
   Area for cell type $_SDFFE_PP0P_ is unknown!
   Area for cell type $_SDFFE_PP1N_ is unknown!
   Area for cell type $_SDFFE_PP1P_ is unknown!
   Area for cell type $_SDFFCE_PN0P_ is unknown!
   Area for cell type $_SDFFCE_PP0N_ is unknown!

