┏━━━━━━━━━━━━━━━━━━━━━━┳━━━━━━━━━━┳━━━━━━━━━━┳━━━━━━━━━━┳━━━━━━━━━━┳━━━━━━━━━━┳━━━━━━━━━━━┳━━━━━━━━━━┳━━━━━━━━━━━┳━━━━━━━━━━┳━━━━━━━━━━━┳━━━━━━━━━━┳━━━━━━━━━━━┓
┃                      ┃ Hold     ┃ Reg to   ┃          ┃          ┃ of which ┃ Setup     ┃ Reg to   ┃           ┃ Setup    ┃ of which  ┃          ┃           ┃
┃                      ┃ Worst    ┃ Reg      ┃          ┃ Hold Vio ┃ reg to   ┃ Worst     ┃ Reg      ┃           ┃ Vio      ┃ reg to    ┃ Max Cap  ┃ Max Slew  ┃
┃ Corner/Group         ┃ Slack    ┃ Paths    ┃ Hold TNS ┃ Count    ┃ reg      ┃ Slack     ┃ Paths    ┃ Setup TNS ┃ Count    ┃ reg       ┃ Violati… ┃ Violatio… ┃
┡━━━━━━━━━━━━━━━━━━━━━━╇━━━━━━━━━━╇━━━━━━━━━━╇━━━━━━━━━━╇━━━━━━━━━━╇━━━━━━━━━━╇━━━━━━━━━━━╇━━━━━━━━━━╇━━━━━━━━━━━╇━━━━━━━━━━╇━━━━━━━━━━━╇━━━━━━━━━━╇━━━━━━━━━━━┩
│ Overall              │ 0.2094   │ 0.2094   │ 0.0000   │ 0        │ 0        │ -6.9341   │ -6.9341  │ -5459.82… │ 4630     │ 4612      │ 0        │ 0         │
│ nom_tt_025C_5v00     │ 0.4307   │ 0.4307   │ 0.0000   │ 0        │ 0        │ 4.2972    │ 8.2078   │ 0.0000    │ 0        │ 0         │ 0        │ 0         │
│ nom_ss_125C_4v50     │ 0.7776   │ 0.9307   │ 0.0000   │ 0        │ 0        │ -5.5628   │ -5.5628  │ -3710.91… │ 1549     │ 1543      │ 0        │ 0         │
│ nom_ff_n40C_5v50     │ 0.2186   │ 0.2186   │ 0.0000   │ 0        │ 0        │ 5.3799    │ 14.3295  │ 0.0000    │ 0        │ 0         │ 0        │ 0         │
│ min_tt_025C_5v00     │ 0.4422   │ 0.4422   │ 0.0000   │ 0        │ 0        │ 4.3867    │ 8.8738   │ 0.0000    │ 0        │ 0         │ 0        │ 0         │
│ min_ss_125C_4v50     │ 0.8981   │ 0.9510   │ 0.0000   │ 0        │ 0        │ -4.3878   │ -4.3878  │ -2279.34… │ 1531     │ 1525      │ 0        │ 0         │
│ min_ff_n40C_5v50     │ 0.2263   │ 0.2263   │ 0.0000   │ 0        │ 0        │ 5.4410    │ 14.7651  │ 0.0000    │ 0        │ 0         │ 0        │ 0         │
│ max_tt_025C_5v00     │ 0.4171   │ 0.4171   │ 0.0000   │ 0        │ 0        │ 4.1908    │ 7.4200   │ 0.0000    │ 0        │ 0         │ 0        │ 0         │
│ max_ss_125C_4v50     │ 0.6338   │ 0.9070   │ 0.0000   │ 0        │ 0        │ -6.9341   │ -6.9341  │ -5459.82… │ 1550     │ 1544      │ 0        │ 0         │
│ max_ff_n40C_5v50     │ 0.2094   │ 0.2094   │ 0.0000   │ 0        │ 0        │ 5.3074    │ 13.8055  │ 0.0000    │ 0        │ 0         │ 0        │ 0         │
└──────────────────────┴──────────┴──────────┴──────────┴──────────┴──────────┴───────────┴──────────┴───────────┴──────────┴───────────┴──────────┴───────────┘
