96. Printing statistics.

=== multiplexer ===

   Number of wires:                167
   Number of wire bits:            220
   Number of public wires:          33
   Number of public wire bits:      86
   Number of ports:                 33
   Number of port bits:             86
   Number of memories:               0
   Number of memory bits:            0
   Number of processes:              0
   Number of cells:                145
     $_ANDNOT_                      67
     $_MUX_                         11
     $_NAND_                         4
     $_NOT_                          1
     $_ORNOT_                        3
     $_OR_                          59

   Area for cell type $_NOT_ is unknown!
   Area for cell type $_NAND_ is unknown!
   Area for cell type $_OR_ is unknown!
   Area for cell type $_ANDNOT_ is unknown!
   Area for cell type $_ORNOT_ is unknown!
   Area for cell type $_MUX_ is unknown!

