┏━━━━━━━━━━━━━━━━━━━━━━┳━━━━━━━━━━┳━━━━━━━━━━┳━━━━━━━━━━┳━━━━━━━━━━┳━━━━━━━━━━━┳━━━━━━━━━━┳━━━━━━━━━━━┳━━━━━━━━━━┳━━━━━━━━━━━┳━━━━━━━━━━┳━━━━━━━━━━━┳━━━━━━━━━━┓
┃                      ┃ Hold     ┃ Reg to   ┃          ┃          ┃ of which  ┃ Setup    ┃           ┃          ┃           ┃ of which ┃           ┃          ┃
┃                      ┃ Worst    ┃ Reg      ┃          ┃ Hold Vio ┃ reg to    ┃ Worst    ┃ Reg to    ┃ Setup    ┃ Setup Vio ┃ reg to   ┃ Max Cap   ┃ Max Slew ┃
┃ Corner/Group         ┃ Slack    ┃ Paths    ┃ Hold TNS ┃ Count    ┃ reg       ┃ Slack    ┃ Reg Paths ┃ TNS      ┃ Count     ┃ reg      ┃ Violatio… ┃ Violati… ┃
┡━━━━━━━━━━━━━━━━━━━━━━╇━━━━━━━━━━╇━━━━━━━━━━╇━━━━━━━━━━╇━━━━━━━━━━╇━━━━━━━━━━━╇━━━━━━━━━━╇━━━━━━━━━━━╇━━━━━━━━━━╇━━━━━━━━━━━╇━━━━━━━━━━╇━━━━━━━━━━━╇━━━━━━━━━━┩
│ Overall              │ 0.4311   │ 0.4311   │ 0.0000   │ 0        │ 0         │ 785.0653 │ 985.1747  │ 0.0000   │ 0         │ 0        │ 0         │ 0        │
│ nom_tt_025C_5v00     │ 0.7620   │ 0.7620   │ 0.0000   │ 0        │ 0         │ 792.1832 │ 992.1654  │ 0.0000   │ 0         │ 0        │ 0         │ 0        │
│ nom_ss_125C_4v50     │ 1.5233   │ 1.5233   │ 0.0000   │ 0        │ 0         │ 785.3297 │ 985.4492  │ 0.0000   │ 0         │ 0        │ 0         │ 0        │
│ nom_ff_n40C_5v50     │ 0.4324   │ 0.4324   │ 0.0000   │ 0        │ 0         │ 795.2032 │ 995.1119  │ 0.0000   │ 0         │ 0        │ 0         │ 0        │
│ min_tt_025C_5v00     │ 0.7601   │ 0.7601   │ 0.0000   │ 0        │ 0         │ 792.3121 │ 992.2977  │ 0.0000   │ 0         │ 0        │ 0         │ 0        │
│ min_ss_125C_4v50     │ 1.5202   │ 1.5202   │ 0.0000   │ 0        │ 0         │ 785.5542 │ 985.6768  │ 0.0000   │ 0         │ 0        │ 0         │ 0        │
│ min_ff_n40C_5v50     │ 0.4311   │ 0.4311   │ 0.0000   │ 0        │ 0         │ 795.2852 │ 995.1995  │ 0.0000   │ 0         │ 0        │ 0         │ 0        │
│ max_tt_025C_5v00     │ 0.7643   │ 0.7643   │ 0.0000   │ 0        │ 0         │ 792.0325 │ 992.0062  │ 0.0000   │ 0         │ 0        │ 0         │ 0        │
│ max_ss_125C_4v50     │ 1.5271   │ 1.5271   │ 0.0000   │ 0        │ 0         │ 785.0653 │ 985.1747  │ 0.0000   │ 0         │ 0        │ 0         │ 0        │
│ max_ff_n40C_5v50     │ 0.4340   │ 0.4340   │ 0.0000   │ 0        │ 0         │ 795.1046 │ 995.0059  │ 0.0000   │ 0         │ 0        │ 0         │ 0        │
└──────────────────────┴──────────┴──────────┴──────────┴──────────┴───────────┴──────────┴───────────┴──────────┴───────────┴──────────┴───────────┴──────────┘
