156. Printing statistics.

=== traffic_light ===

   Number of wires:               1308
   Number of wire bits:           1556
   Number of public wires:          42
   Number of public wire bits:     191
   Number of ports:                 15
   Number of port bits:             15
   Number of memories:               0
   Number of memory bits:            0
   Number of processes:              0
   Number of cells:               1460
     $_ANDNOT_                     473
     $_AND_                         50
     $_DFFE_PN0P_                   72
     $_DFFE_PN1P_                    8
     $_DFF_PN0_                     73
     $_MUX_                         64
     $_NAND_                        97
     $_NOR_                         86
     $_NOT_                         32
     $_ORNOT_                       49
     $_OR_                         330
     $_SDFFCE_PN0P_                 11
     $_SDFFCE_PN1P_                  4
     $_SDFFCE_PP0P_                  4
     $_XNOR_                        41
     $_XOR_                         66

   Area for cell type $_NOT_ is unknown!
   Area for cell type $_AND_ is unknown!
   Area for cell type $_NAND_ is unknown!
   Area for cell type $_OR_ is unknown!
   Area for cell type $_NOR_ is unknown!
   Area for cell type $_XOR_ is unknown!
   Area for cell type $_XNOR_ is unknown!
   Area for cell type $_ANDNOT_ is unknown!
   Area for cell type $_ORNOT_ is unknown!
   Area for cell type $_MUX_ is unknown!
   Area for cell type $_DFF_PN0_ is unknown!
   Area for cell type $_DFFE_PN0P_ is unknown!
   Area for cell type $_DFFE_PN1P_ is unknown!
   Area for cell type $_SDFFCE_PN0P_ is unknown!
   Area for cell type $_SDFFCE_PN1P_ is unknown!
   Area for cell type $_SDFFCE_PP0P_ is unknown!

