┏━━━━━━━━━━━━━━━━━━━━━━┳━━━━━━━━━━┳━━━━━━━━━━┳━━━━━━━━━━┳━━━━━━━━━━┳━━━━━━━━━━━┳━━━━━━━━━━┳━━━━━━━━━━━┳━━━━━━━━━━┳━━━━━━━━━━━┳━━━━━━━━━━┳━━━━━━━━━━━┳━━━━━━━━━━┓
┃                      ┃ Hold     ┃ Reg to   ┃          ┃          ┃ of which  ┃ Setup    ┃           ┃          ┃           ┃ of which ┃           ┃          ┃
┃                      ┃ Worst    ┃ Reg      ┃          ┃ Hold Vio ┃ reg to    ┃ Worst    ┃ Reg to    ┃ Setup    ┃ Setup Vio ┃ reg to   ┃ Max Cap   ┃ Max Slew ┃
┃ Corner/Group         ┃ Slack    ┃ Paths    ┃ Hold TNS ┃ Count    ┃ reg       ┃ Slack    ┃ Reg Paths ┃ TNS      ┃ Count     ┃ reg      ┃ Violatio… ┃ Violati… ┃
┡━━━━━━━━━━━━━━━━━━━━━━╇━━━━━━━━━━╇━━━━━━━━━━╇━━━━━━━━━━╇━━━━━━━━━━╇━━━━━━━━━━━╇━━━━━━━━━━╇━━━━━━━━━━━╇━━━━━━━━━━╇━━━━━━━━━━━╇━━━━━━━━━━╇━━━━━━━━━━━╇━━━━━━━━━━┩
│ Overall              │ 0.4945   │ 0.4945   │ 0.0000   │ 0        │ 0         │ 28.5975  │ N/A       │ 0.0000   │ 0         │ 0        │ 0         │ 0        │
│ nom_tt_025C_5v00     │ 0.8764   │ 0.8764   │ 0.0000   │ 0        │ 0         │ 30.2073  │ N/A       │ 0.0000   │ 0         │ 0        │ 0         │ 0        │
│ nom_ss_125C_4v50     │ 1.7430   │ 1.7430   │ 0.0000   │ 0        │ 0         │ 28.6520  │ N/A       │ 0.0000   │ 0         │ 0        │ 0         │ 0        │
│ nom_ff_n40C_5v50     │ 0.5003   │ 0.5003   │ 0.0000   │ 0        │ 0         │ 30.8681  │ N/A       │ 0.0000   │ 0         │ 0        │ 0         │ 0        │
│ min_tt_025C_5v00     │ 0.8672   │ 0.8672   │ 0.0000   │ 0        │ 0         │ 30.2331  │ N/A       │ 0.0000   │ 0         │ 0        │ 0         │ 0        │
│ min_ss_125C_4v50     │ 1.7269   │ 1.7269   │ 0.0000   │ 0        │ 0         │ 28.6971  │ N/A       │ 0.0000   │ 0         │ 0        │ 0         │ 0        │
│ min_ff_n40C_5v50     │ 0.4945   │ 0.4945   │ 0.0000   │ 0        │ 0         │ 30.8845  │ N/A       │ 0.0000   │ 0         │ 0        │ 0         │ 0        │
│ max_tt_025C_5v00     │ 0.8875   │ 0.8875   │ 0.0000   │ 0        │ 0         │ 30.1769  │ N/A       │ 0.0000   │ 0         │ 0        │ 0         │ 0        │
│ max_ss_125C_4v50     │ 1.7619   │ 1.7619   │ 0.0000   │ 0        │ 0         │ 28.5975  │ N/A       │ 0.0000   │ 0         │ 0        │ 0         │ 0        │
│ max_ff_n40C_5v50     │ 0.5073   │ 0.5073   │ 0.0000   │ 0        │ 0         │ 30.8486  │ N/A       │ 0.0000   │ 0         │ 0        │ 0         │ 0        │
└──────────────────────┴──────────┴──────────┴──────────┴──────────┴───────────┴──────────┴───────────┴──────────┴───────────┴──────────┴───────────┴──────────┘
