153. Printing statistics.

=== classic_vga_clock ===

   Number of wires:              17911
   Number of wire bits:          20288
   Number of public wires:          99
   Number of public wire bits:    1310
   Number of ports:                 11
   Number of port bits:             11
   Number of memories:               0
   Number of memory bits:            0
   Number of processes:              0
   Number of cells:              20231
     $_ANDNOT_                    3230
     $_AND_                        297
     $_DFFE_PN0N_                   12
     $_DFFE_PN0P_                   60
     $_DFFE_PN1N_                    1
     $_DFFE_PP_                     70
     $_DFF_PN0_                   1106
     $_DFF_PN1_                      5
     $_DFF_P_                        3
     $_MUX_                       9064
     $_NAND_                       222
     $_NOR_                        419
     $_NOT_                        286
     $_ORNOT_                      341
     $_OR_                        3947
     $_SDFFCE_PN0P_                 24
     $_SDFFCE_PN1P_                  5
     $_SDFFCE_PP0P_                  1
     $_XNOR_                       285
     $_XOR_                        853

   Area for cell type $_NOT_ is unknown!
   Area for cell type $_AND_ is unknown!
   Area for cell type $_NAND_ is unknown!
   Area for cell type $_OR_ is unknown!
   Area for cell type $_NOR_ is unknown!
   Area for cell type $_XOR_ is unknown!
   Area for cell type $_XNOR_ is unknown!
   Area for cell type $_ANDNOT_ is unknown!
   Area for cell type $_ORNOT_ is unknown!
   Area for cell type $_MUX_ is unknown!
   Area for cell type $_DFF_P_ is unknown!
   Area for cell type $_DFFE_PP_ is unknown!
   Area for cell type $_DFF_PN0_ is unknown!
   Area for cell type $_DFF_PN1_ is unknown!
   Area for cell type $_DFFE_PN0N_ is unknown!
   Area for cell type $_DFFE_PN0P_ is unknown!
   Area for cell type $_DFFE_PN1N_ is unknown!
   Area for cell type $_SDFFCE_PN0P_ is unknown!
   Area for cell type $_SDFFCE_PN1P_ is unknown!
   Area for cell type $_SDFFCE_PP0P_ is unknown!

