┏━━━━━━━━━━━━━━━━━━━━━━┳━━━━━━━━━━┳━━━━━━━━━━┳━━━━━━━━━━┳━━━━━━━━━━┳━━━━━━━━━━━┳━━━━━━━━━━┳━━━━━━━━━━━┳━━━━━━━━━━┳━━━━━━━━━━━┳━━━━━━━━━━┳━━━━━━━━━━━┳━━━━━━━━━━┓
┃                      ┃ Hold     ┃ Reg to   ┃          ┃          ┃ of which  ┃ Setup    ┃           ┃          ┃           ┃ of which ┃           ┃          ┃
┃                      ┃ Worst    ┃ Reg      ┃          ┃ Hold Vio ┃ reg to    ┃ Worst    ┃ Reg to    ┃ Setup    ┃ Setup Vio ┃ reg to   ┃ Max Cap   ┃ Max Slew ┃
┃ Corner/Group         ┃ Slack    ┃ Paths    ┃ Hold TNS ┃ Count    ┃ reg       ┃ Slack    ┃ Reg Paths ┃ TNS      ┃ Count     ┃ reg      ┃ Violatio… ┃ Violati… ┃
┡━━━━━━━━━━━━━━━━━━━━━━╇━━━━━━━━━━╇━━━━━━━━━━╇━━━━━━━━━━╇━━━━━━━━━━╇━━━━━━━━━━━╇━━━━━━━━━━╇━━━━━━━━━━━╇━━━━━━━━━━╇━━━━━━━━━━━╇━━━━━━━━━━╇━━━━━━━━━━━╇━━━━━━━━━━┩
│ Overall              │ 0.2445   │ 0.2445   │ 0.0000   │ 0        │ 0         │ -3.2153  │ -3.2153   │ -215.42… │ 344       │ 344      │ 0         │ 0        │
│ nom_tt_025C_5v00     │ 0.4728   │ 0.4728   │ 0.0000   │ 0        │ 0         │ 13.0189  │ 13.0189   │ 0.0000   │ 0         │ 0        │ 0         │ 0        │
│ nom_ss_125C_4v50     │ 1.0012   │ 1.0012   │ 0.0000   │ 0        │ 0         │ -2.1783  │ -2.1783   │ -79.9712 │ 103       │ 103      │ 0         │ 0        │
│ nom_ff_n40C_5v50     │ 0.2468   │ 0.2468   │ 0.0000   │ 0        │ 0         │ 18.4074  │ 19.7789   │ 0.0000   │ 0         │ 0        │ 0         │ 0        │
│ min_tt_025C_5v00     │ 0.4691   │ 0.4691   │ 0.0000   │ 0        │ 0         │ 13.5212  │ 13.5212   │ 0.0000   │ 0         │ 0        │ 0         │ 0        │
│ min_ss_125C_4v50     │ 0.9948   │ 0.9948   │ 0.0000   │ 0        │ 0         │ -1.3010  │ -1.3010   │ -20.0850 │ 47        │ 47       │ 0         │ 0        │
│ min_ff_n40C_5v50     │ 0.2445   │ 0.2445   │ 0.0000   │ 0        │ 0         │ 18.5930  │ 20.1079   │ 0.0000   │ 0         │ 0        │ 0         │ 0        │
│ max_tt_025C_5v00     │ 0.4740   │ 0.4740   │ 0.0000   │ 0        │ 0         │ 12.4212  │ 12.4212   │ 0.0000   │ 0         │ 0        │ 0         │ 0        │
│ max_ss_125C_4v50     │ 1.0046   │ 1.0046   │ 0.0000   │ 0        │ 0         │ -3.2153  │ -3.2153   │ -215.42… │ 194       │ 194      │ 0         │ 0        │
│ max_ff_n40C_5v50     │ 0.2471   │ 0.2471   │ 0.0000   │ 0        │ 0         │ 18.1805  │ 19.3874   │ 0.0000   │ 0         │ 0        │ 0         │ 0        │
└──────────────────────┴──────────┴──────────┴──────────┴──────────┴───────────┴──────────┴───────────┴──────────┴───────────┴──────────┴───────────┴──────────┘
