148. Printing statistics.

=== octowave ===

   Number of wires:              10573
   Number of wire bits:          12917
   Number of public wires:         246
   Number of public wire bits:    2590
   Number of ports:                  5
   Number of port bits:             12
   Number of memories:               0
   Number of memory bits:            0
   Number of processes:              0
   Number of cells:              12819
     $_ANDNOT_                    1752
     $_AND_                        310
     $_MUX_                       5007
     $_NAND_                       326
     $_NOR_                        616
     $_NOT_                        301
     $_ORNOT_                      292
     $_OR_                        1149
     $_XNOR_                       475
     $_XOR_                        651
     gf180mcu_fd_sc_mcu7t5v0__dffrnq_1   1936
     gf180mcu_fd_sc_mcu7t5v0__dffsnq_1      4

   Area for cell type $_NOT_ is unknown!
   Area for cell type $_AND_ is unknown!
   Area for cell type $_NAND_ is unknown!
   Area for cell type $_OR_ is unknown!
   Area for cell type $_NOR_ is unknown!
   Area for cell type $_XOR_ is unknown!
   Area for cell type $_XNOR_ is unknown!
   Area for cell type $_ANDNOT_ is unknown!
   Area for cell type $_ORNOT_ is unknown!
   Area for cell type $_MUX_ is unknown!

   Chip area for module '\octowave': 144812.953600
     of which used for sequential elements: 144812.953600 (100.00%)

