146. Printing statistics.

=== octowave ===

   Number of wires:               9492
   Number of wire bits:          11836
   Number of public wires:         246
   Number of public wire bits:    2590
   Number of ports:                  5
   Number of port bits:             12
   Number of memories:               0
   Number of memory bits:            0
   Number of processes:              0
   Number of cells:              11738
     $_ANDNOT_                    1752
     $_AND_                        310
     $_DFFE_PN0N_                  185
     $_DFFE_PN0P_                  896
     $_DFF_PN0_                    855
     $_DFF_PN1_                      4
     $_MUX_                       3926
     $_NAND_                       326
     $_NOR_                        616
     $_NOT_                        301
     $_ORNOT_                      292
     $_OR_                        1149
     $_XNOR_                       475
     $_XOR_                        651

   Area for cell type $_NOT_ is unknown!
   Area for cell type $_AND_ is unknown!
   Area for cell type $_NAND_ is unknown!
   Area for cell type $_OR_ is unknown!
   Area for cell type $_NOR_ is unknown!
   Area for cell type $_XOR_ is unknown!
   Area for cell type $_XNOR_ is unknown!
   Area for cell type $_ANDNOT_ is unknown!
   Area for cell type $_ORNOT_ is unknown!
   Area for cell type $_MUX_ is unknown!
   Area for cell type $_DFF_PN0_ is unknown!
   Area for cell type $_DFF_PN1_ is unknown!
   Area for cell type $_DFFE_PN0N_ is unknown!
   Area for cell type $_DFFE_PN0P_ is unknown!

