148. Printing statistics.

=== tiny_tonegen ===

   Number of wires:                430
   Number of wire bits:            546
   Number of public wires:          28
   Number of public wire bits:     112
   Number of ports:                  7
   Number of port bits:             13
   Number of memories:               0
   Number of memory bits:            0
   Number of processes:              0
   Number of cells:                503
     $_ANDNOT_                     119
     $_AND_                         35
     $_MUX_                         63
     $_NAND_                        25
     $_NOR_                         15
     $_NOT_                          8
     $_ORNOT_                       22
     $_OR_                          59
     $_XNOR_                        20
     $_XOR_                         46
     gf180mcu_fd_sc_mcu7t5v0__dffq_1      4
     gf180mcu_fd_sc_mcu7t5v0__dffrnq_1     71
     gf180mcu_fd_sc_mcu7t5v0__dffsnq_1     16

   Area for cell type $_NOT_ is unknown!
   Area for cell type $_AND_ is unknown!
   Area for cell type $_NAND_ is unknown!
   Area for cell type $_OR_ is unknown!
   Area for cell type $_NOR_ is unknown!
   Area for cell type $_XOR_ is unknown!
   Area for cell type $_XNOR_ is unknown!
   Area for cell type $_ANDNOT_ is unknown!
   Area for cell type $_ORNOT_ is unknown!
   Area for cell type $_MUX_ is unknown!

   Chip area for module '\tiny_tonegen': 6818.291200
     of which used for sequential elements: 6818.291200 (100.00%)

