146. Printing statistics.

=== tiny_tonegen ===

   Number of wires:                371
   Number of wire bits:            487
   Number of public wires:          28
   Number of public wire bits:     112
   Number of ports:                  7
   Number of port bits:             13
   Number of memories:               0
   Number of memory bits:            0
   Number of processes:              0
   Number of cells:                444
     $_ANDNOT_                     119
     $_AND_                         35
     $_DFFE_PN0P_                   36
     $_DFFE_PN1P_                   15
     $_DFF_PN0_                     35
     $_DFF_PN1_                      1
     $_MUX_                          4
     $_NAND_                        25
     $_NOR_                         15
     $_NOT_                          8
     $_ORNOT_                       22
     $_OR_                          59
     $_SDFFCE_PN0P_                  4
     $_XNOR_                        20
     $_XOR_                         46

   Area for cell type $_NOT_ is unknown!
   Area for cell type $_AND_ is unknown!
   Area for cell type $_NAND_ is unknown!
   Area for cell type $_OR_ is unknown!
   Area for cell type $_NOR_ is unknown!
   Area for cell type $_XOR_ is unknown!
   Area for cell type $_XNOR_ is unknown!
   Area for cell type $_ANDNOT_ is unknown!
   Area for cell type $_ORNOT_ is unknown!
   Area for cell type $_MUX_ is unknown!
   Area for cell type $_DFF_PN0_ is unknown!
   Area for cell type $_DFF_PN1_ is unknown!
   Area for cell type $_DFFE_PN0P_ is unknown!
   Area for cell type $_DFFE_PN1P_ is unknown!
   Area for cell type $_SDFFCE_PN0P_ is unknown!

