┏━━━━━━━━━━━━━━━━━━━━━━┳━━━━━━━━━━┳━━━━━━━━━━┳━━━━━━━━━━┳━━━━━━━━━━┳━━━━━━━━━━━┳━━━━━━━━━━┳━━━━━━━━━━━┳━━━━━━━━━━┳━━━━━━━━━━━┳━━━━━━━━━━┳━━━━━━━━━━━┳━━━━━━━━━━┓
┃                      ┃ Hold     ┃ Reg to   ┃          ┃          ┃ of which  ┃ Setup    ┃           ┃          ┃           ┃ of which ┃           ┃          ┃
┃                      ┃ Worst    ┃ Reg      ┃          ┃ Hold Vio ┃ reg to    ┃ Worst    ┃ Reg to    ┃ Setup    ┃ Setup Vio ┃ reg to   ┃ Max Cap   ┃ Max Slew ┃
┃ Corner/Group         ┃ Slack    ┃ Paths    ┃ Hold TNS ┃ Count    ┃ reg       ┃ Slack    ┃ Reg Paths ┃ TNS      ┃ Count     ┃ reg      ┃ Violatio… ┃ Violati… ┃
┡━━━━━━━━━━━━━━━━━━━━━━╇━━━━━━━━━━╇━━━━━━━━━━╇━━━━━━━━━━╇━━━━━━━━━━╇━━━━━━━━━━━╇━━━━━━━━━━╇━━━━━━━━━━━╇━━━━━━━━━━╇━━━━━━━━━━━╇━━━━━━━━━━╇━━━━━━━━━━━╇━━━━━━━━━━┩
│ Overall              │ 0.4420   │ 0.4420   │ 0.0000   │ 0        │ 0         │ -2.0631  │ -2.0631   │ -57.1850 │ 91        │ 91       │ 0         │ 0        │
│ nom_tt_025C_5v00     │ 0.7812   │ 0.7812   │ 0.0000   │ 0        │ 0         │ 5.3031   │ 8.3985    │ 0.0000   │ 0         │ 0        │ 0         │ 0        │
│ nom_ss_125C_4v50     │ 1.5402   │ 1.5402   │ 0.0000   │ 0        │ 0         │ -0.8751  │ -0.8751   │ -2.1099  │ 14        │ 14       │ 0         │ 0        │
│ nom_ff_n40C_5v50     │ 0.4446   │ 0.4446   │ 0.0000   │ 0        │ 0         │ 7.1343   │ 11.6820   │ 0.0000   │ 0         │ 0        │ 0         │ 0        │
│ min_tt_025C_5v00     │ 0.7773   │ 0.7773   │ 0.0000   │ 0        │ 0         │ 5.4074   │ 8.6704    │ 0.0000   │ 0         │ 0        │ 0         │ 0        │
│ min_ss_125C_4v50     │ 1.5343   │ 1.5343   │ 0.0000   │ 0        │ 0         │ 0.0562   │ 0.0562    │ 0.0000   │ 0         │ 0        │ 0         │ 0        │
│ min_ff_n40C_5v50     │ 0.4420   │ 0.4420   │ 0.0000   │ 0        │ 0         │ 7.2035   │ 11.8648   │ 0.0000   │ 0         │ 0        │ 0         │ 0        │
│ max_tt_025C_5v00     │ 0.7845   │ 0.7845   │ 0.0000   │ 0        │ 0         │ 5.1794   │ 8.0778    │ 0.0000   │ 0         │ 0        │ 0         │ 0        │
│ max_ss_125C_4v50     │ 1.5450   │ 1.5450   │ 0.0000   │ 0        │ 0         │ -2.0631  │ -2.0631   │ -57.1850 │ 77        │ 77       │ 0         │ 0        │
│ max_ff_n40C_5v50     │ 0.4475   │ 0.4475   │ 0.0000   │ 0        │ 0         │ 7.0526   │ 11.4651   │ 0.0000   │ 0         │ 0        │ 0         │ 0        │
└──────────────────────┴──────────┴──────────┴──────────┴──────────┴───────────┴──────────┴───────────┴──────────┴───────────┴──────────┴───────────┴──────────┘
