182. Printing statistics.

=== tinywhisper_riscv ===

   Number of wires:              16756
   Number of wire bits:          19681
   Number of public wires:         163
   Number of public wire bits:    2653
   Number of ports:                 23
   Number of port bits:             29
   Number of memories:               0
   Number of memory bits:            0
   Number of processes:              0
   Number of cells:              19370
     $_ANDNOT_                    4012
     $_AND_                        386
     $_MUX_                       6133
     $_NAND_                       405
     $_NOR_                        872
     $_NOT_                        855
     $_ORNOT_                      569
     $_OR_                        2427
     $_XNOR_                       406
     $_XOR_                       1215
     gf180mcu_fd_sc_mcu7t5v0__dffnq_1      1
     gf180mcu_fd_sc_mcu7t5v0__dffq_1   2089

   Area for cell type $_NOT_ is unknown!
   Area for cell type $_AND_ is unknown!
   Area for cell type $_NAND_ is unknown!
   Area for cell type $_OR_ is unknown!
   Area for cell type $_NOR_ is unknown!
   Area for cell type $_XOR_ is unknown!
   Area for cell type $_XNOR_ is unknown!
   Area for cell type $_ANDNOT_ is unknown!
   Area for cell type $_ORNOT_ is unknown!
   Area for cell type $_MUX_ is unknown!

   Chip area for module '\tinywhisper_riscv': 133053.267200
     of which used for sequential elements: 133053.267200 (100.00%)

