180. Printing statistics.

=== tinywhisper_riscv ===

   Number of wires:              13685
   Number of wire bits:          16610
   Number of public wires:         163
   Number of public wire bits:    2653
   Number of ports:                 23
   Number of port bits:             29
   Number of memories:               0
   Number of memory bits:            0
   Number of processes:              0
   Number of cells:              16299
     $_ANDNOT_                    4012
     $_AND_                        386
     $_DFFE_PP_                    581
     $_DFF_P_                       62
     $_MUX_                       3062
     $_NAND_                       405
     $_NOR_                        872
     $_NOT_                        855
     $_ORNOT_                      569
     $_OR_                        2427
     $_SDFFCE_PP0P_                 28
     $_SDFFE_NN0P_                   1
     $_SDFFE_PN0N_                   1
     $_SDFFE_PN0P_                 871
     $_SDFFE_PN1P_                  54
     $_SDFFE_PP0P_                  83
     $_SDFFE_PP1P_                   5
     $_SDFF_PN0_                   388
     $_SDFF_PP0_                    16
     $_XNOR_                       406
     $_XOR_                       1215

   Area for cell type $_NOT_ is unknown!
   Area for cell type $_AND_ is unknown!
   Area for cell type $_NAND_ is unknown!
   Area for cell type $_OR_ is unknown!
   Area for cell type $_NOR_ is unknown!
   Area for cell type $_XOR_ is unknown!
   Area for cell type $_XNOR_ is unknown!
   Area for cell type $_ANDNOT_ is unknown!
   Area for cell type $_ORNOT_ is unknown!
   Area for cell type $_MUX_ is unknown!
   Area for cell type $_DFF_P_ is unknown!
   Area for cell type $_DFFE_PP_ is unknown!
   Area for cell type $_SDFF_PN0_ is unknown!
   Area for cell type $_SDFF_PP0_ is unknown!
   Area for cell type $_SDFFE_NN0P_ is unknown!
   Area for cell type $_SDFFE_PN0N_ is unknown!
   Area for cell type $_SDFFE_PN0P_ is unknown!
   Area for cell type $_SDFFE_PN1P_ is unknown!
   Area for cell type $_SDFFE_PP0P_ is unknown!
   Area for cell type $_SDFFE_PP1P_ is unknown!
   Area for cell type $_SDFFCE_PP0P_ is unknown!

