124. Printing statistics.

=== sar_adc_spi_oversampling ===

   Number of wires:                308
   Number of wire bits:            399
   Number of public wires:          46
   Number of public wire bits:     137
   Number of ports:                  8
   Number of port bits:             15
   Number of memories:               0
   Number of memory bits:            0
   Number of processes:              0
   Number of cells:                353
     $_ANDNOT_                     127
     $_AND_                          9
     $_DFFE_PN0P_                   40
     $_DFFE_PN1P_                    3
     $_DFF_PN0_                      1
     $_DFF_P_                        2
     $_MUX_                         16
     $_NAND_                        17
     $_NOR_                         15
     $_NOT_                         11
     $_ORNOT_                       14
     $_OR_                          74
     $_XNOR_                         9
     $_XOR_                         15

   Area for cell type $_NOT_ is unknown!
   Area for cell type $_AND_ is unknown!
   Area for cell type $_NAND_ is unknown!
   Area for cell type $_OR_ is unknown!
   Area for cell type $_NOR_ is unknown!
   Area for cell type $_XOR_ is unknown!
   Area for cell type $_XNOR_ is unknown!
   Area for cell type $_ANDNOT_ is unknown!
   Area for cell type $_ORNOT_ is unknown!
   Area for cell type $_MUX_ is unknown!
   Area for cell type $_DFF_P_ is unknown!
   Area for cell type $_DFF_PN0_ is unknown!
   Area for cell type $_DFFE_PN0P_ is unknown!
   Area for cell type $_DFFE_PN1P_ is unknown!

