126. Printing statistics.

=== sar_adc_spi_oversampling ===

   Number of wires:                351
   Number of wire bits:            442
   Number of public wires:          46
   Number of public wire bits:     137
   Number of ports:                  8
   Number of port bits:             15
   Number of memories:               0
   Number of memory bits:            0
   Number of processes:              0
   Number of cells:                396
     $_ANDNOT_                     127
     $_AND_                          9
     $_MUX_                         59
     $_NAND_                        17
     $_NOR_                         15
     $_NOT_                         11
     $_ORNOT_                       14
     $_OR_                          74
     $_XNOR_                         9
     $_XOR_                         15
     gf180mcu_fd_sc_mcu7t5v0__dffq_1      2
     gf180mcu_fd_sc_mcu7t5v0__dffrnq_1     41
     gf180mcu_fd_sc_mcu7t5v0__dffsnq_1      3

   Area for cell type $_NOT_ is unknown!
   Area for cell type $_AND_ is unknown!
   Area for cell type $_NAND_ is unknown!
   Area for cell type $_OR_ is unknown!
   Area for cell type $_NOR_ is unknown!
   Area for cell type $_XOR_ is unknown!
   Area for cell type $_XNOR_ is unknown!
   Area for cell type $_ANDNOT_ is unknown!
   Area for cell type $_ORNOT_ is unknown!
   Area for cell type $_MUX_ is unknown!

   Chip area for module '\sar_adc_spi_oversampling': 3424.512000
     of which used for sequential elements: 3424.512000 (100.00%)

