┏━━━━━━━━━━━━━━━━━━━━━━┳━━━━━━━━━━┳━━━━━━━━━━┳━━━━━━━━━━┳━━━━━━━━━━┳━━━━━━━━━━━┳━━━━━━━━━━┳━━━━━━━━━━━┳━━━━━━━━━━┳━━━━━━━━━━━┳━━━━━━━━━━┳━━━━━━━━━━━┳━━━━━━━━━━┓
┃                      ┃ Hold     ┃ Reg to   ┃          ┃          ┃ of which  ┃ Setup    ┃           ┃          ┃           ┃ of which ┃           ┃          ┃
┃                      ┃ Worst    ┃ Reg      ┃          ┃ Hold Vio ┃ reg to    ┃ Worst    ┃ Reg to    ┃ Setup    ┃ Setup Vio ┃ reg to   ┃ Max Cap   ┃ Max Slew ┃
┃ Corner/Group         ┃ Slack    ┃ Paths    ┃ Hold TNS ┃ Count    ┃ reg       ┃ Slack    ┃ Reg Paths ┃ TNS      ┃ Count     ┃ reg      ┃ Violatio… ┃ Violati… ┃
┡━━━━━━━━━━━━━━━━━━━━━━╇━━━━━━━━━━╇━━━━━━━━━━╇━━━━━━━━━━╇━━━━━━━━━━╇━━━━━━━━━━━╇━━━━━━━━━━╇━━━━━━━━━━━╇━━━━━━━━━━╇━━━━━━━━━━━╇━━━━━━━━━━╇━━━━━━━━━━━╇━━━━━━━━━━┩
│ Overall              │ 0.5202   │ 0.5202   │ 0.0000   │ 0        │ 0         │ 38.6062  │ 51.7797   │ 0.0000   │ 0         │ 0        │ 0         │ 0        │
│ nom_tt_025C_5v00     │ 0.9141   │ 0.9141   │ 0.0000   │ 0        │ 0         │ 52.4654  │ 67.1826   │ 0.0000   │ 0         │ 0        │ 0         │ 0        │
│ nom_ss_125C_4v50     │ 1.8120   │ 1.8120   │ 0.0000   │ 0        │ 0         │ 39.0266  │ 52.4287   │ 0.0000   │ 0         │ 0        │ 0         │ 0        │
│ nom_ff_n40C_5v50     │ 0.5241   │ 0.5241   │ 0.0000   │ 0        │ 0         │ 58.4000  │ 73.6608   │ 0.0000   │ 0         │ 0        │ 0         │ 0        │
│ min_tt_025C_5v00     │ 0.9078   │ 0.9078   │ 0.0000   │ 0        │ 0         │ 52.6623  │ 67.4435   │ 0.0000   │ 0         │ 0        │ 0         │ 0        │
│ min_ss_125C_4v50     │ 1.8006   │ 1.8006   │ 0.0000   │ 0        │ 0         │ 39.3677  │ 52.8404   │ 0.0000   │ 0         │ 0        │ 0         │ 0        │
│ min_ff_n40C_5v50     │ 0.5202   │ 0.5202   │ 0.0000   │ 0        │ 0         │ 58.5276  │ 73.8568   │ 0.0000   │ 0         │ 0        │ 0         │ 0        │
│ max_tt_025C_5v00     │ 0.9219   │ 0.9219   │ 0.0000   │ 0        │ 0         │ 52.2275  │ 66.7977   │ 0.0000   │ 0         │ 0        │ 0         │ 0        │
│ max_ss_125C_4v50     │ 1.8259   │ 1.8259   │ 0.0000   │ 0        │ 0         │ 38.6062  │ 51.7797   │ 0.0000   │ 0         │ 0        │ 0         │ 0        │
│ max_ff_n40C_5v50     │ 0.5290   │ 0.5290   │ 0.0000   │ 0        │ 0         │ 58.2456  │ 73.4109   │ 0.0000   │ 0         │ 0        │ 0         │ 0        │
└──────────────────────┴──────────┴──────────┴──────────┴──────────┴───────────┴──────────┴───────────┴──────────┴───────────┴──────────┴───────────┴──────────┘
