133. Printing statistics.

=== tiny_tone ===

   Number of wires:                500
   Number of wire bits:            586
   Number of public wires:          10
   Number of public wire bits:      96
   Number of ports:                  3
   Number of port bits:              3
   Number of memories:               0
   Number of memory bits:            0
   Number of processes:              0
   Number of cells:                584
     $_ANDNOT_                     157
     $_AND_                         12
     $_MUX_                        125
     $_NAND_                        62
     $_NOR_                         15
     $_NOT_                         19
     $_ORNOT_                       15
     $_OR_                          59
     $_XNOR_                        13
     $_XOR_                         60
     gf180mcu_fd_sc_mcu7t5v0__dffrnq_1     47

   Area for cell type $_NOT_ is unknown!
   Area for cell type $_AND_ is unknown!
   Area for cell type $_NAND_ is unknown!
   Area for cell type $_OR_ is unknown!
   Area for cell type $_NOR_ is unknown!
   Area for cell type $_XOR_ is unknown!
   Area for cell type $_XNOR_ is unknown!
   Area for cell type $_ANDNOT_ is unknown!
   Area for cell type $_ORNOT_ is unknown!
   Area for cell type $_MUX_ is unknown!

   Chip area for module '\tiny_tone': 3507.929600
     of which used for sequential elements: 3507.929600 (100.00%)

